172.16.0.5 - - [25/Jul/2025:15:54:06 +0700] "POST /search?id=572 HTTP/1.1" 200 29372 "-" "Mozilla/5.0 (Macintosh; Intel Mac OS X 10_15_7) AppleWebKit/537.36 (KHTML, like Gecko) Chrome/91.0.4472.124 Safari/537.36"
203.0.113.10 - - [25/Jul/2025:15:54:06 +0700] "PATCH /checkout?id=573 HTTP/1.1" 200 3426 "https://google.com" "Mozilla/5.0 (iPhone; CPU iPhone OS 14_6 like Mac OS X) AppleWebKit/605.1.15 (KHTML, like Gecko) Version/14.0 Mobile/15E148 Safari/604.1"
10.0.0.15 - - [25/Jul/2025:15:54:07 +0700] "PUT /search HTTP/1.1" 200 22104 "https://google.com" "Mozilla/5.0 (X11; Linux x86_64) AppleWebKit/537.36 (KHTML, like Gecko) Chrome/91.0.4472.124 Safari/537.36"
172.16.0.5 - - [25/Jul/2025:15:54:07 +0700] "GET /api/products?id=703 HTTP/1.1" 403 204 "https://example.com" "Mozilla/5.0 (X11; Linux x86_64) AppleWebKit/537.36 (KHTML, like Gecko) Chrome/91.0.4472.124 Safari/537.36"
192.168.1.100 - - [25/Jul/2025:15:54:08 +0700] "PATCH /api/orders HTTP/1.1" 200 12318 "https://example.com" "Mozilla/5.0 (Android 11; Mobile; rv:89.0) Gecko/89.0 Firefox/89.0"
10.0.0.15 - - [25/Jul/2025:15:54:09 +0700] "GET /cart?id=193 HTTP/1.1" 200 22324 "https://google.com" "Mozilla/5.0 (Windows NT 10.0; Win64; x64) AppleWebKit/537.36 (KHTML, like Gecko) Chrome/91.0.4472.124 Safari/537.36"
192.168.1.100 - - [25/Jul/2025:15:54:10 +0700] "GET /metrics HTTP/1.1" 200 2896 "https://linkedin.com" "Mozilla/5.0 (Android 11; Mobile; rv:89.0) Gecko/89.0 Firefox/89.0"
10.0.0.15 - - [25/Jul/2025:15:54:10 +0700] "DELETE /login?id=886 HTTP/1.1" 200 4846 "https://example.com" "Mozilla/5.0 (X11; Linux x86_64) AppleWebKit/537.36 (KHTML, like Gecko) Chrome/91.0.4472.124 Safari/537.36"
172.20.0.100 - - [25/Jul/2025:15:54:11 +0700] "PATCH /metrics HTTP/1.1" 500 1440 "https://google.com" "Mozilla/5.0 (X11; Linux x86_64) AppleWebKit/537.36 (KHTML, like Gecko) Chrome/91.0.4472.124 Safari/537.36"
198.51.100.42 - - [25/Jul/2025:15:54:11 +0700] "POST /profile?id=194 HTTP/1.1" 200 20457 "https://example.com" "Mozilla/5.0 (iPhone; CPU iPhone OS 14_6 like Mac OS X) AppleWebKit/605.1.15 (KHTML, like Gecko) Version/14.0 Mobile/15E148 Safari/604.1"
172.20.0.100 - - [25/Jul/2025:15:54:12 +0700] "GET /dashboard?id=141 HTTP/1.1" 200 14783 "https://example.com" "Mozilla/5.0 (iPhone; CPU iPhone OS 14_6 like Mac OS X) AppleWebKit/605.1.15 (KHTML, like Gecko) Version/14.0 Mobile/15E148 Safari/604.1"
10.1.1.50 - - [25/Jul/2025:15:54:12 +0700] "GET /profile?id=844 HTTP/1.1" 401 262 "-" "Mozilla/5.0 (iPhone; CPU iPhone OS 14_6 like Mac OS X) AppleWebKit/605.1.15 (KHTML, like Gecko) Version/14.0 Mobile/15E148 Safari/604.1"
10.0.0.15 - - [25/Jul/2025:15:54:14 +0700] "DELETE /cart HTTP/1.1" 200 19017 "https://facebook.com" "Mozilla/5.0 (Windows NT 10.0; Win64; x64) AppleWebKit/537.36 (KHTML, like Gecko) Chrome/91.0.4472.124 Safari/537.36"
192.0.2.1 - - [25/Jul/2025:15:54:15 +0700] "PATCH /profile?id=801 HTTP/1.1" 200 9531 "https://example.com" "Mozilla/5.0 (Windows NT 10.0; Win64; x64) AppleWebKit/537.36 (KHTML, like Gecko) Chrome/91.0.4472.124 Safari/537.36"
172.20.0.100 - - [25/Jul/2025:15:54:15 +0700] "POST /api/users?id=199 HTTP/1.1" 404 643 "-" "Mozilla/5.0 (Windows NT 10.0; Win64; x64) AppleWebKit/537.36 (KHTML, like Gecko) Chrome/91.0.4472.124 Safari/537.36"
10.1.1.50 - - [25/Jul/2025:15:54:15 +0700] "DELETE /cart HTTP/1.1" 200 20965 "https://google.com" "Mozilla/5.0 (X11; Linux x86_64) AppleWebKit/537.36 (KHTML, like Gecko) Chrome/91.0.4472.124 Safari/537.36"
10.1.1.50 - - [25/Jul/2025:15:54:16 +0700] "POST /login?id=902 HTTP/1.1" 403 112 "https://google.com" "Mozilla/5.0 (X11; Linux x86_64) AppleWebKit/537.36 (KHTML, like Gecko) Chrome/91.0.4472.124 Safari/537.36"
198.51.100.42 - - [25/Jul/2025:15:54:16 +0700] "PATCH /checkout?id=935 HTTP/1.1" 200 1257 "https://google.com" "Mozilla/5.0 (Android 11; Mobile; rv:89.0) Gecko/89.0 Firefox/89.0"
203.0.113.10 - - [25/Jul/2025:15:54:18 +0700] "PUT /admin?id=599 HTTP/1.1" 200 21934 "https://example.com" "Mozilla/5.0 (Android 11; Mobile; rv:89.0) Gecko/89.0 Firefox/89.0"
203.0.113.10 - - [25/Jul/2025:15:54:19 +0700] "GET /checkout HTTP/1.1" 401 274 "https://twitter.com" "Mozilla/5.0 (Android 11; Mobile; rv:89.0) Gecko/89.0 Firefox/89.0"
10.1.1.50 - - [25/Jul/2025:15:54:19 +0700] "PATCH /health HTTP/1.1" 403 156 "-" "Mozilla/5.0 (Android 11; Mobile; rv:89.0) Gecko/89.0 Firefox/89.0"
172.16.0.5 - - [25/Jul/2025:15:54:20 +0700] "DELETE /cart?id=5 HTTP/1.1" 200 14232 "-" "Mozilla/5.0 (Windows NT 10.0; Win64; x64) AppleWebKit/537.36 (KHTML, like Gecko) Chrome/91.0.4472.124 Safari/537.36"
192.0.2.1 - - [25/Jul/2025:15:54:20 +0700] "PATCH /api/orders HTTP/1.1" 403 259 "-" "Mozilla/5.0 (iPhone; CPU iPhone OS 14_6 like Mac OS X) AppleWebKit/605.1.15 (KHTML, like Gecko) Version/14.0 Mobile/15E148 Safari/604.1"
203.0.113.10 - - [25/Jul/2025:15:54:20 +0700] "DELETE /profile?id=720 HTTP/1.1" 200 11197 "https://twitter.com" "Mozilla/5.0 (X11; Linux x86_64) AppleWebKit/537.36 (KHTML, like Gecko) Chrome/91.0.4472.124 Safari/537.36"
192.168.1.100 - - [25/Jul/2025:15:54:22 +0700] "DELETE /api/users?id=435 HTTP/1.1" 200 8959 "https://linkedin.com" "Mozilla/5.0 (Windows NT 10.0; Win64; x64) AppleWebKit/537.36 (KHTML, like Gecko) Chrome/91.0.4472.124 Safari/537.36"
172.16.0.5 - - [25/Jul/2025:15:54:22 +0700] "GET /health HTTP/1.1" 200 31818 "https://linkedin.com" "Mozilla/5.0 (Android 11; Mobile; rv:89.0) Gecko/89.0 Firefox/89.0"
172.20.0.100 - - [25/Jul/2025:15:55:23 +0700] "PUT /search HTTP/1.1" 200 18934 "-" "Mozilla/5.0 (iPhone; CPU iPhone OS 14_6 like Mac OS X) AppleWebKit/605.1.15 (KHTML, like Gecko) Version/14.0 Mobile/15E148 Safari/604.1"
10.0.0.15 - - [25/Jul/2025:15:55:23 +0700] "PUT /api/products?id=959 HTTP/1.1" 200 1551 "https://twitter.com" "Mozilla/5.0 (iPhone; CPU iPhone OS 14_6 like Mac OS X) AppleWebKit/605.1.15 (KHTML, like Gecko) Version/14.0 Mobile/15E148 Safari/604.1"
10.1.1.50 - - [25/Jul/2025:15:55:23 +0700] "PATCH /search?id=121 HTTP/1.1" 302 0 "https://facebook.com" "Mozilla/5.0 (iPhone; CPU iPhone OS 14_6 like Mac OS X) AppleWebKit/605.1.15 (KHTML, like Gecko) Version/14.0 Mobile/15E148 Safari/604.1"
203.0.113.10 - - [25/Jul/2025:15:55:25 +0700] "PATCH /api/orders?id=897 HTTP/1.1" 302 0 "https://linkedin.com" "Mozilla/5.0 (Android 11; Mobile; rv:89.0) Gecko/89.0 Firefox/89.0"
172.16.0.5 - - [25/Jul/2025:15:55:25 +0700] "POST /profile HTTP/1.1" 200 8914 "https://linkedin.com" "Mozilla/5.0 (X11; Linux x86_64) AppleWebKit/537.36 (KHTML, like Gecko) Chrome/91.0.4472.124 Safari/537.36"
10.1.1.50 - - [25/Jul/2025:15:55:25 +0700] "GET /metrics?id=786 HTTP/1.1" 200 14699 "https://twitter.com" "Mozilla/5.0 (Macintosh; Intel Mac OS X 10_15_7) AppleWebKit/537.36 (KHTML, like Gecko) Chrome/91.0.4472.124 Safari/537.36"
10.1.1.50 - - [25/Jul/2025:15:55:26 +0700] "POST /checkout?id=576 HTTP/1.1" 200 33070 "https://google.com" "Mozilla/5.0 (Android 11; Mobile; rv:89.0) Gecko/89.0 Firefox/89.0"
172.16.0.5 - - [25/Jul/2025:15:55:27 +0700] "PUT /admin HTTP/1.1" 200 1014 "https://linkedin.com" "Mozilla/5.0 (iPhone; CPU iPhone OS 14_6 like Mac OS X) AppleWebKit/605.1.15 (KHTML, like Gecko) Version/14.0 Mobile/15E148 Safari/604.1"
192.0.2.1 - - [25/Jul/2025:15:55:27 +0700] "PATCH /login HTTP/1.1" 200 9522 "https://twitter.com" "Mozilla/5.0 (Windows NT 10.0; Win64; x64) AppleWebKit/537.36 (KHTML, like Gecko) Chrome/91.0.4472.124 Safari/537.36"
203.0.113.10 - - [25/Jul/2025:15:55:28 +0700] "PUT /api/users?id=533 HTTP/1.1" 404 682 "https://example.com" "Mozilla/5.0 (iPhone; CPU iPhone OS 14_6 like Mac OS X) AppleWebKit/605.1.15 (KHTML, like Gecko) Version/14.0 Mobile/15E148 Safari/604.1"
10.1.1.50 - - [25/Jul/2025:15:55:29 +0700] "PATCH /admin HTTP/1.1" 403 319 "https://twitter.com" "Mozilla/5.0 (X11; Linux x86_64) AppleWebKit/537.36 (KHTML, like Gecko) Chrome/91.0.4472.124 Safari/537.36"
192.168.1.100 - - [25/Jul/2025:15:55:29 +0700] "PATCH /dashboard HTTP/1.1" 200 3353 "-" "Mozilla/5.0 (Windows NT 10.0; Win64; x64) AppleWebKit/537.36 (KHTML, like Gecko) Chrome/91.0.4472.124 Safari/537.36"
203.0.113.10 - - [25/Jul/2025:15:55:30 +0700] "POST /metrics?id=657 HTTP/1.1" 404 335 "https://facebook.com" "Mozilla/5.0 (Android 11; Mobile; rv:89.0) Gecko/89.0 Firefox/89.0"
192.168.1.100 - - [25/Jul/2025:15:55:30 +0700] "POST /health HTTP/1.1" 200 25541 "https://linkedin.com" "Mozilla/5.0 (Windows NT 10.0; Win64; x64) AppleWebKit/537.36 (KHTML, like Gecko) Chrome/91.0.4472.124 Safari/537.36"
203.0.113.10 - - [25/Jul/2025:15:55:30 +0700] "GET /admin?id=858 HTTP/1.1" 200 24526 "https://google.com" "Mozilla/5.0 (iPhone; CPU iPhone OS 14_6 like Mac OS X) AppleWebKit/605.1.15 (KHTML, like Gecko) Version/14.0 Mobile/15E148 Safari/604.1"
192.168.1.100 - - [25/Jul/2025:15:55:31 +0700] "DELETE /dashboard?id=716 HTTP/1.1" 404 555 "-" "Mozilla/5.0 (Android 11; Mobile; rv:89.0) Gecko/89.0 Firefox/89.0"
172.16.0.5 - - [25/Jul/2025:15:55:31 +0700] "PATCH /cart HTTP/1.1" 200 10385 "https://google.com" "Mozilla/5.0 (X11; Linux x86_64) AppleWebKit/537.36 (KHTML, like Gecko) Chrome/91.0.4472.124 Safari/537.36"
172.16.0.5 - - [25/Jul/2025:15:55:32 +0700] "GET /api/products HTTP/1.1" 200 32820 "https://facebook.com" "Mozilla/5.0 (Macintosh; Intel Mac OS X 10_15_7) AppleWebKit/537.36 (KHTML, like Gecko) Chrome/91.0.4472.124 Safari/537.36"
10.1.1.50 - - [25/Jul/2025:15:55:33 +0700] "POST /checkout HTTP/1.1" 200 1929 "https://linkedin.com" "Mozilla/5.0 (X11; Linux x86_64) AppleWebKit/537.36 (KHTML, like Gecko) Chrome/91.0.4472.124 Safari/537.36"
198.51.100.42 - - [25/Jul/2025:15:55:34 +0700] "DELETE /api/products HTTP/1.1" 200 18513 "https://example.com" "Mozilla/5.0 (Macintosh; Intel Mac OS X 10_15_7) AppleWebKit/537.36 (KHTML, like Gecko) Chrome/91.0.4472.124 Safari/537.36"
172.16.0.5 - - [25/Jul/2025:15:55:35 +0700] "PUT /cart?id=469 HTTP/1.1" 404 253 "https://twitter.com" "Mozilla/5.0 (Android 11; Mobile; rv:89.0) Gecko/89.0 Firefox/89.0"
192.168.1.100 - - [25/Jul/2025:15:55:36 +0700] "PATCH /checkout HTTP/1.1" 200 27302 "https://example.com" "Mozilla/5.0 (X11; Linux x86_64) AppleWebKit/537.36 (KHTML, like Gecko) Chrome/91.0.4472.124 Safari/537.36"
10.1.1.50 - - [25/Jul/2025:15:55:38 +0700] "GET /health?id=71 HTTP/1.1" 403 121 "https://twitter.com" "Mozilla/5.0 (X11; Linux x86_64) AppleWebKit/537.36 (KHTML, like Gecko) Chrome/91.0.4472.124 Safari/537.36"
198.51.100.42 - - [25/Jul/2025:15:55:38 +0700] "PATCH /dashboard HTTP/1.1" 404 416 "https://google.com" "Mozilla/5.0 (Windows NT 10.0; Win64; x64) AppleWebKit/537.36 (KHTML, like Gecko) Chrome/91.0.4472.124 Safari/537.36"
10.1.1.50 - - [25/Jul/2025:15:55:39 +0700] "PUT /checkout HTTP/1.1" 200 31008 "https://twitter.com" "Mozilla/5.0 (Android 11; Mobile; rv:89.0) Gecko/89.0 Firefox/89.0"
192.168.1.100 - - [25/Jul/2025:15:55:39 +0700] "PUT /health HTTP/1.1" 200 24945 "https://linkedin.com" "Mozilla/5.0 (Macintosh; Intel Mac OS X 10_15_7) AppleWebKit/537.36 (KHTML, like Gecko) Chrome/91.0.4472.124 Safari/537.36"
172.16.0.5 - - [25/Jul/2025:15:55:40 +0700] "POST /api/orders HTTP/1.1" 200 32016 "https://twitter.com" "Mozilla/5.0 (Android 11; Mobile; rv:89.0) Gecko/89.0 Firefox/89.0"
10.1.1.50 - - [25/Jul/2025:15:55:40 +0700] "POST /metrics HTTP/1.1" 200 27879 "-" "Mozilla/5.0 (Android 11; Mobile; rv:89.0) Gecko/89.0 Firefox/89.0"
10.0.0.15 - - [25/Jul/2025:15:55:42 +0700] "PUT /cart HTTP/1.1" 200 32965 "https://google.com" "Mozilla/5.0 (Android 11; Mobile; rv:89.0) Gecko/89.0 Firefox/89.0"
198.51.100.42 - - [25/Jul/2025:15:55:42 +0700] "PATCH /login HTTP/1.1" 200 7835 "https://linkedin.com" "Mozilla/5.0 (Android 11; Mobile; rv:89.0) Gecko/89.0 Firefox/89.0"
172.16.0.5 - - [25/Jul/2025:15:55:43 +0700] "PATCH /checkout HTTP/1.1" 200 25090 "https://facebook.com" "Mozilla/5.0 (X11; Linux x86_64) AppleWebKit/537.36 (KHTML, like Gecko) Chrome/91.0.4472.124 Safari/537.36"
192.168.1.100 - - [25/Jul/2025:15:55:43 +0700] "PUT /cart?id=323 HTTP/1.1" 200 24867 "https://google.com" "Mozilla/5.0 (iPhone; CPU iPhone OS 14_6 like Mac OS X) AppleWebKit/605.1.15 (KHTML, like Gecko) Version/14.0 Mobile/15E148 Safari/604.1"
198.51.100.42 - - [25/Jul/2025:15:55:43 +0700] "DELETE /api/products?id=62 HTTP/1.1" 200 9299 "https://example.com" "Mozilla/5.0 (Windows NT 10.0; Win64; x64) AppleWebKit/537.36 (KHTML, like Gecko) Chrome/91.0.4472.124 Safari/537.36"
192.0.2.1 - - [25/Jul/2025:15:55:44 +0700] "DELETE /checkout HTTP/1.1" 200 29741 "https://facebook.com" "Mozilla/5.0 (X11; Linux x86_64) AppleWebKit/537.36 (KHTML, like Gecko) Chrome/91.0.4472.124 Safari/537.36"
10.0.0.15 - - [25/Jul/2025:15:55:45 +0700] "POST /dashboard HTTP/1.1" 200 32142 "https://twitter.com" "Mozilla/5.0 (Macintosh; Intel Mac OS X 10_15_7) AppleWebKit/537.36 (KHTML, like Gecko) Chrome/91.0.4472.124 Safari/537.36"
192.168.1.100 - - [25/Jul/2025:15:55:45 +0700] "POST /profile HTTP/1.1" 200 24743 "https://twitter.com" "Mozilla/5.0 (Windows NT 10.0; Win64; x64) AppleWebKit/537.36 (KHTML, like Gecko) Chrome/91.0.4472.124 Safari/537.36"
192.0.2.1 - - [25/Jul/2025:15:55:46 +0700] "GET /admin HTTP/1.1" 401 221 "https://google.com" "Mozilla/5.0 (X11; Linux x86_64) AppleWebKit/537.36 (KHTML, like Gecko) Chrome/91.0.4472.124 Safari/537.36"
10.1.1.50 - - [25/Jul/2025:15:55:46 +0700] "PUT /search HTTP/1.1" 200 10774 "https://facebook.com" "Mozilla/5.0 (iPhone; CPU iPhone OS 14_6 like Mac OS X) AppleWebKit/605.1.15 (KHTML, like Gecko) Version/14.0 Mobile/15E148 Safari/604.1"
172.16.0.5 - - [25/Jul/2025:15:55:47 +0700] "GET /search HTTP/1.1" 200 11963 "https://twitter.com" "Mozilla/5.0 (Macintosh; Intel Mac OS X 10_15_7) AppleWebKit/537.36 (KHTML, like Gecko) Chrome/91.0.4472.124 Safari/537.36"
172.20.0.100 - - [25/Jul/2025:15:55:47 +0700] "PUT /api/orders HTTP/1.1" 200 11491 "https://google.com" "Mozilla/5.0 (iPhone; CPU iPhone OS 14_6 like Mac OS X) AppleWebKit/605.1.15 (KHTML, like Gecko) Version/14.0 Mobile/15E148 Safari/604.1"
10.0.0.15 - - [25/Jul/2025:15:55:49 +0700] "GET /api/orders HTTP/1.1" 200 4285 "https://twitter.com" "Mozilla/5.0 (Windows NT 10.0; Win64; x64) AppleWebKit/537.36 (KHTML, like Gecko) Chrome/91.0.4472.124 Safari/537.36"
198.51.100.42 - - [25/Jul/2025:15:55:49 +0700] "PATCH /health HTTP/1.1" 200 9290 "https://linkedin.com" "Mozilla/5.0 (Windows NT 10.0; Win64; x64) AppleWebKit/537.36 (KHTML, like Gecko) Chrome/91.0.4472.124 Safari/537.36"
10.1.1.50 - - [25/Jul/2025:15:55:49 +0700] "PATCH /checkout HTTP/1.1" 200 27642 "https://google.com" "Mozilla/5.0 (Windows NT 10.0; Win64; x64) AppleWebKit/537.36 (KHTML, like Gecko) Chrome/91.0.4472.124 Safari/537.36"
198.51.100.42 - - [25/Jul/2025:15:55:50 +0700] "GET /api/orders HTTP/1.1" 200 5466 "https://linkedin.com" "Mozilla/5.0 (iPhone; CPU iPhone OS 14_6 like Mac OS X) AppleWebKit/605.1.15 (KHTML, like Gecko) Version/14.0 Mobile/15E148 Safari/604.1"
10.1.1.50 - - [25/Jul/2025:15:55:50 +0700] "PUT /search HTTP/1.1" 404 672 "https://facebook.com" "Mozilla/5.0 (iPhone; CPU iPhone OS 14_6 like Mac OS X) AppleWebKit/605.1.15 (KHTML, like Gecko) Version/14.0 Mobile/15E148 Safari/604.1"
172.20.0.100 - - [25/Jul/2025:15:55:50 +0700] "POST /api/orders?id=105 HTTP/1.1" 200 7101 "https://google.com" "Mozilla/5.0 (Android 11; Mobile; rv:89.0) Gecko/89.0 Firefox/89.0"
203.0.113.10 - - [25/Jul/2025:15:55:51 +0700] "PUT /api/orders?id=52 HTTP/1.1" 200 17735 "https://linkedin.com" "Mozilla/5.0 (X11; Linux x86_64) AppleWebKit/537.36 (KHTML, like Gecko) Chrome/91.0.4472.124 Safari/537.36"
192.168.1.100 - - [25/Jul/2025:15:55:52 +0700] "POST /api/products?id=685 HTTP/1.1" 404 581 "-" "Mozilla/5.0 (X11; Linux x86_64) AppleWebKit/537.36 (KHTML, like Gecko) Chrome/91.0.4472.124 Safari/537.36"
172.20.0.100 - - [25/Jul/2025:15:55:53 +0700] "PUT /admin HTTP/1.1" 200 30298 "https://linkedin.com" "Mozilla/5.0 (Windows NT 10.0; Win64; x64) AppleWebKit/537.36 (KHTML, like Gecko) Chrome/91.0.4472.124 Safari/537.36"
192.168.1.100 - - [25/Jul/2025:15:55:53 +0700] "PATCH /search HTTP/1.1" 200 27872 "https://example.com" "Mozilla/5.0 (X11; Linux x86_64) AppleWebKit/537.36 (KHTML, like Gecko) Chrome/91.0.4472.124 Safari/537.36"
192.0.2.1 - - [25/Jul/2025:15:55:54 +0700] "PATCH /metrics?id=162 HTTP/1.1" 200 13738 "https://linkedin.com" "Mozilla/5.0 (X11; Linux x86_64) AppleWebKit/537.36 (KHTML, like Gecko) Chrome/91.0.4472.124 Safari/537.36"
198.51.100.42 - - [25/Jul/2025:15:55:54 +0700] "PUT /profile HTTP/1.1" 200 20706 "https://twitter.com" "Mozilla/5.0 (iPhone; CPU iPhone OS 14_6 like Mac OS X) AppleWebKit/605.1.15 (KHTML, like Gecko) Version/14.0 Mobile/15E148 Safari/604.1"
192.0.2.1 - - [25/Jul/2025:15:55:55 +0700] "DELETE /profile?id=0 HTTP/1.1" 200 27298 "https://twitter.com" "Mozilla/5.0 (Macintosh; Intel Mac OS X 10_15_7) AppleWebKit/537.36 (KHTML, like Gecko) Chrome/91.0.4472.124 Safari/537.36"
192.168.1.100 - - [30/Jul/2025:10:30:00 +0700] "GET /api/users HTTP/1.1" 200 1024 "https://example.com" "Mozilla/5.0"
192.168.1.101 - - [30/Jul/2025:10:30:05 +0700] "POST /api/login HTTP/1.1" 401 256 "-" "curl/7.68.0"
192.168.1.102 - - [30/Jul/2025:10:30:10 +0700] "GET /admin/dashboard HTTP/1.1" 500 512 "https://admin.com" "Chrome/91.0"
192.168.1.100 - - [30/Jul/2025:14:00:00 +0700] "GET /api/test HTTP/1.1" 200 1024 "https://example.com" "Mozilla/5.0"
